---
source: tests/render_snapshots.rs
expression: output
---
┌ Herdr Pretty Which — mnemonic training wheels ───────────────────────────────────────────────────┐
│┌ Session ───────────────────────────────────────────────────────────────────────────────────────┐│
││Config fixture/config.toml   Theme terminal   38 assigned · 9 unassigned                        ││
││Search › next tab   Mode ALL   View TREE   Shown 6 / 47 bindings                                ││
│└────────────────────────────────────────────────────────────────────────────────────────────────┘│
│┌ Bindings · Tree ─────────────────────────────────────────────────────┐┌ Details ───────────────┐│
││▾ Tabs                                                                ││New tab                 ││
││  ▾ Lifecycle                                                         ││                        ││
││    • New tab  prefix+c  default  match                               ││Action  new_tab         ││
││    • Rename tab  prefix+shift+t  default  match                      ││Keys    prefix+c        ││
││  ▾ Navigation                                                        ││Default prefix+c        ││
││    • Next tab  prefix+n, ctrl+alt+n  config  match                   ││                        ││
││▾ Panes                                                               ││Create a tab in this    ││
││  ▾ Focus                                                             ││workspace.              ││
││    • Next pane  prefix+tab  default  match                           │└────────────────────────┘│
││    • Previous pane  prefix+shift+tab  default  match                 │┌ Categories ────────────┐│
││▾ Agents                                                              ││Core        6           ││
││  ▾ Focus                                                             ││Workspaces 13           ││
││    • Next agent  —  unset  match                                     ││Tabs        6           ││
││                                                                      ││Panes      19           ││
││                                                                      ││Agents      3           ││
│└──────────────────────────────────────────────────────────────────────┘└────────────────────────┘│
│┌ Muscle memory ─────────────────────────────────────────────────────────────────────────────────┐│
││↑/↓ move   type filter   backspace edit   tab/shift-tab mode   ctrl+t view   ←/→ tree   esc/q cl││
││Tip: learn Herdr's native map first; direct chords are optional seasoning, not the main course. ││
││                                                                                                ││
│└────────────────────────────────────────────────────────────────────────────────────────────────┘│
└──────────────────────────────────────────────────────────────────────────────────────────────────┘
