---
source: tests/render_snapshots.rs
expression: output
---
┌ Herdr Pretty Which — mnemonic training wheels ───────────────────────────────────────────────────┐
│┌ Session ───────────────────────────────────────────────────────────────────────────────────────┐│
││Config fixture/config.toml   Theme terminal   37 assigned · 9 unassigned                        ││
││Search › type to fuzzy-filter   Mode ALL   View TREE   Shown 46 / 46 bindings                   ││
│└────────────────────────────────────────────────────────────────────────────────────────────────┘│
│┌ Bindings · Tree ─────────────────────────────────────────────────────┐┌ Details ───────────────┐│
││▾ Session                                                             ││Session                 ││
││  ▾ Core                                                              ││                        ││
││    • Help  prefix+?  default                                         ││Type    group           ││
││    • Settings  prefix+s  default                                     ││Path    Session         ││
││    • Detach  prefix+q  default                                       ││State   expanded        ││
││    • Reload config  prefix+shift+r  default                          ││                        ││
││    • Open notification  prefix+o  default                            ││Use ←/→ to collapse,    ││
││▾ Workspaces                                                          ││expand, or enter the    ││
││  ▾ Picker                                                            │└────────────────────────┘│
││    • Workspace picker  prefix+w  default                             │┌ Categories ────────────┐│
││    • Goto  prefix+g  default                                         ││Core        5           ││
││  ▾ Lifecycle                                                         ││Workspaces 13           ││
││    • New workspace  prefix+shift+n  default                          ││Tabs        6           ││
││  ▾ Worktrees                                                         ││Panes      19           ││
││    • New worktree  prefix+shift+g  default                           ││Agents      3           ││
│└──────────────────────────────────────────────────────────────────────┘└────────────────────────┘│
│┌ Muscle memory ─────────────────────────────────────────────────────────────────────────────────┐│
││↑/↓ move   type filter   backspace edit   tab/shift-tab mode   ctrl+t view   ←/→ tree   esc/q cl││
││Tip: learn Herdr's native map first; direct chords are optional seasoning, not the main course. ││
││                                                                                                ││
│└────────────────────────────────────────────────────────────────────────────────────────────────┘│
└──────────────────────────────────────────────────────────────────────────────────────────────────┘
